
> test-example@0.1.0 build
> next build

Γû▓ Next.js 16.1.1 (Turbopack)
- Environments: .env
- Experiments (use with caution):
  ┬╖ serverActions

node.exe : ΓÜá The "middleware" file 
convention is deprecated. Please use "proxy" 
instead. Learn more: https://nextjs.org/docs/
messages/middleware-to-proxy
At C:\Users\sujal\AppData\Roaming\npm\npm.ps1
:24 char:5
+     & "node$exe"  
"$basedir/node_modules/npm/bin/npm-cli.js" 
$args
+     ~~~~~~~~~~~~~~~~~~~~~~~~~~~~~~~~~~~~~~~
~~~~~~~~~~~~~~~~~~~~~~~
    + CategoryInfo          : NotSpecified:  
   (ΓÜá The "middle...leware-to-proxy:Strin  
  g) [], RemoteException
    + FullyQualifiedErrorId : NativeCommandE 
   rror
 
  Creating an optimized production build ...

> Build error occurred
Error: Turbopack build failed with 2 errors:
./src/app/api/submit-test/route.ts:6:1
Module not found: Can't resolve 
'@/lib/code-execution'
[0m [90m 4 |[39m [36mimport[39m { 
getServerSession } [36mfrom[39m 
[32m"next-auth"[39m[33m;[39m
 [90m 5 |[39m [36mimport[39m { 
authOptions } [36mfrom[39m 
[32m"@/lib/auth"[39m[33m;[39m
[31m[1m>[22m[39m[90m 6 |[39m 
[36mimport[39m { wrapCode } [36mfrom[39m 
[32m"@/lib/code-execution"[39m[33m;[39m
 [90m   |[39m [31m[1m^[22m[39m[31m[1m
^[22m[39m[31m[1m^[22m[39m[31m[1m^[22
m[39m[31m[1m^[22m[39m[31m[1m^[22m[39
m[31m[1m^[22m[39m[31m[1m^[22m[39m[31
m[1m^[22m[39m[31m[1m^[22m[39m[31m[1m
^[22m[39m[31m[1m^[22m[39m[31m[1m^[22
m[39m[31m[1m^[22m[39m[31m[1m^[22m[39
m[31m[1m^[22m[39m[31m[1m^[22m[39m[31
m[1m^[22m[39m[31m[1m^[22m[39m[31m[1m
^[22m[39m[31m[1m^[22m[39m[31m[1m^[22
m[39m[31m[1m^[22m[39m[31m[1m^[22m[39
m[31m[1m^[22m[39m[31m[1m^[22m[39m[31
m[1m^[22m[39m[31m[1m^[22m[39m[31m[1m
^[22m[39m[31m[1m^[22m[39m[31m[1m^[22
m[39m[31m[1m^[22m[39m[31m[1m^[22m[39
m[31m[1m^[22m[39m[31m[1m^[22m[39m[31
m[1m^[22m[39m[31m[1m^[22m[39m[31m[1m
^[22m[39m[31m[1m^[22m[39m[31m[1m^[22
m[39m[31m[1m^[22m[39m[31m[1m^[22m[39
m[31m[1m^[22m[39m[31m[1m^[22m[39m[31
m[1m^[22m[39m[31m[1m^[22m[39m[31m[1m
^[22m[39m[31m[1m^[22m[39m
 [90m 7 |[39m
 [90m 8 |[39m [36mexport[39m 
[36masync[39m [36mfunction[39m 
[33mPOST[39m(req[33m:[39m 
[33mNextRequest[39m) {
 [90m 9 |[39m     [36mtry[39m {[0m

Import map: aliased to relative 
'./src/lib/code-execution' inside of 
[project]/


https://nextjs.org/docs/messages/module-not-f
ound


./src/app/exam/[id]/test/test-client.tsx:15:1
Module not found: Can't resolve 
'@/lib/code-execution'
[0m [90m 13 |[39m [36mimport[39m { 
logMonitoringEvent } [36mfrom[39m [32m"@/a
pp/actions/monitoring"[39m[33m;[39m
 [90m 14 |[39m [36mimport[39m { 
updateMockDriveProgress } [36mfrom[39m [32
m"@/app/actions/mock-drive"[39m[33m;[39m
[31m[1m>[22m[39m[90m 15 |[39m 
[36mimport[39m { wrapCode[33m,[39m 
getStarterCode } [36mfrom[39m 
[32m"@/lib/code-execution"[39m[33m;[39m
 [90m    |[39m [31m[1m^[22m[39m[31m[1
m^[22m[39m[31m[1m^[22m[39m[31m[1m^[2
2m[39m[31m[1m^[22m[39m[31m[1m^[22m[3
9m[31m[1m^[22m[39m[31m[1m^[22m[39m[3
1m[1m^[22m[39m[31m[1m^[22m[39m[31m[1
m^[22m[39m[31m[1m^[22m[39m[31m[1m^[2
2m[39m[31m[1m^[22m[39m[31m[1m^[22m[3
9m[31m[1m^[22m[39m[31m[1m^[22m[39m[3
1m[1m^[22m[39m[31m[1m^[22m[39m[31m[1
m^[22m[39m[31m[1m^[22m[39m[31m[1m^[2
2m[39m[31m[1m^[22m[39m[31m[1m^[22m[3
9m[31m[1m^[22m[39m[31m[1m^[22m[39m[3
1m[1m^[22m[39m[31m[1m^[22m[39m[31m[1
m^[22m[39m[31m[1m^[22m[39m[31m[1m^[2
2m[39m[31m[1m^[22m[39m[31m[1m^[22m[3
9m[31m[1m^[22m[39m[31m[1m^[22m[39m[3
1m[1m^[22m[39m[31m[1m^[22m[39m[31m[1
m^[22m[39m[31m[1m^[22m[39m[31m[1m^[2
2m[39m[31m[1m^[22m[39m[31m[1m^[22m[3
9m[31m[1m^[22m[39m[31m[1m^[22m[39m[3
1m[1m^[22m[39m[31m[1m^[22m[39m[31m[1
m^[22m[39m[31m[1m^[22m[39m[31m[1m^[2
2m[39m[31m[1m^[22m[39m[31m[1m^[22m[3
9m[31m[1m^[22m[39m[31m[1m^[22m[39m[3
1m[1m^[22m[39m[31m[1m^[22m[39m[31m[1
m^[22m[39m[31m[1m^[22m[39m[31m[1m^[2
2m[39m[31m[1m^[22m[39m[31m[1m^[22m[3
9m[31m[1m^[22m[39m[31m[1m^[22m[39m[3
1m[1m^[22m[39m[31m[1m^[22m[39m
 [90m 16 |[39m [36mimport[39m { toast } 
[36mfrom[39m [32m"sonner"[39m[33m;[39m
 [90m 17 |[39m [36mimport[39m {
 [90m 18 |[39m     
[33mSelect[39m[33m,[39m[0m

Import map: aliased to relative 
'./src/lib/code-execution' inside of 
[project]/


Import trace:
  Server Component:
    ./src/app/exam/[id]/test/test-client.tsx
    ./src/app/exam/[id]/test/page.tsx

https://nextjs.org/docs/messages/module-not-f
ound


    at <unknown> 
(./src/app/api/submit-test/route.ts:6:1)
    at <unknown> (https://nextjs.org/docs/mes
sages/module-not-found)
    at <unknown> (./src/app/exam/[id]/test/te
st-client.tsx:15:1)
    at <unknown> (https://nextjs.org/docs/mes
sages/module-not-found)
