src/app/(dashboard)/dashboard/page.tsx(185,21): error TS2322: Type '{ hidden: { y: number; opacity: number; }; visible: { y: number; opacity: number; transition: { type: string; stiffness: number; damping: number; }; }; }' is not assignable to type 'Variants'.
  Property 'visible' is incompatible with index signature.
    Type '{ y: number; opacity: number; transition: { type: string; stiffness: number; damping: number; }; }' is not assignable to type 'Variant'.
      Type '{ y: number; opacity: number; transition: { type: string; stiffness: number; damping: number; }; }' is not assignable to type 'TargetAndTransition'.
        Type '{ y: number; opacity: number; transition: { type: string; stiffness: number; damping: number; }; }' is not assignable to type '{ transition?: Transition<any> | undefined; transitionEnd?: ResolvedValues | undefined; }'.
          Types of property 'transition' are incompatible.
            Type '{ type: string; stiffness: number; damping: number; }' is not assignable to type 'Transition<any> | undefined'.
              Type '{ type: string; stiffness: number; damping: number; }' is not assignable to type 'TransitionWithValueOverrides<any>'.
                Type '{ type: string; stiffness: number; damping: number; }' is not assignable to type 'ValueAnimationTransition<any>'.
                  Types of property 'type' are incompatible.
                    Type 'string' is not assignable to type 'AnimationGeneratorType | undefined'.
src/app/(dashboard)/dashboard/page.tsx(258,13): error TS2322: Type '{ hidden: { y: number; opacity: number; }; visible: { y: number; opacity: number; transition: { type: string; stiffness: number; damping: number; }; }; }' is not assignable to type 'Variants'.
  Property 'visible' is incompatible with index signature.
    Type '{ y: number; opacity: number; transition: { type: string; stiffness: number; damping: number; }; }' is not assignable to type 'Variant'.
      Type '{ y: number; opacity: number; transition: { type: string; stiffness: number; damping: number; }; }' is not assignable to type 'TargetAndTransition'.
        Type '{ y: number; opacity: number; transition: { type: string; stiffness: number; damping: number; }; }' is not assignable to type '{ transition?: Transition<any> | undefined; transitionEnd?: ResolvedValues | undefined; }'.
          Types of property 'transition' are incompatible.
            Type '{ type: string; stiffness: number; damping: number; }' is not assignable to type 'Transition<any> | undefined'.
              Type '{ type: string; stiffness: number; damping: number; }' is not assignable to type 'TransitionWithValueOverrides<any>'.
                Type '{ type: string; stiffness: number; damping: number; }' is not assignable to type 'ValueAnimationTransition<any>'.
                  Types of property 'type' are incompatible.
                    Type 'string' is not assignable to type 'AnimationGeneratorType | undefined'.
src/app/(dashboard)/dashboard/page.tsx(298,23): error TS2322: Type '{ hidden: { y: number; opacity: number; }; visible: { y: number; opacity: number; transition: { type: string; stiffness: number; damping: number; }; }; }' is not assignable to type 'Variants'.
  Property 'visible' is incompatible with index signature.
    Type '{ y: number; opacity: number; transition: { type: string; stiffness: number; damping: number; }; }' is not assignable to type 'Variant'.
      Type '{ y: number; opacity: number; transition: { type: string; stiffness: number; damping: number; }; }' is not assignable to type 'TargetAndTransition'.
        Type '{ y: number; opacity: number; transition: { type: string; stiffness: number; damping: number; }; }' is not assignable to type '{ transition?: Transition<any> | undefined; transitionEnd?: ResolvedValues | undefined; }'.
          Types of property 'transition' are incompatible.
            Type '{ type: string; stiffness: number; damping: number; }' is not assignable to type 'Transition<any> | undefined'.
              Type '{ type: string; stiffness: number; damping: number; }' is not assignable to type 'TransitionWithValueOverrides<any>'.
                Type '{ type: string; stiffness: number; damping: number; }' is not assignable to type 'ValueAnimationTransition<any>'.
                  Types of property 'type' are incompatible.
                    Type 'string' is not assignable to type 'AnimationGeneratorType | undefined'.
src/app/(dashboard)/dashboard/page.tsx(384,23): error TS2322: Type '{ hidden: { y: number; opacity: number; }; visible: { y: number; opacity: number; transition: { type: string; stiffness: number; damping: number; }; }; }' is not assignable to type 'Variants'.
  Property 'visible' is incompatible with index signature.
    Type '{ y: number; opacity: number; transition: { type: string; stiffness: number; damping: number; }; }' is not assignable to type 'Variant'.
      Type '{ y: number; opacity: number; transition: { type: string; stiffness: number; damping: number; }; }' is not assignable to type 'TargetAndTransition'.
        Type '{ y: number; opacity: number; transition: { type: string; stiffness: number; damping: number; }; }' is not assignable to type '{ transition?: Transition<any> | undefined; transitionEnd?: ResolvedValues | undefined; }'.
          Types of property 'transition' are incompatible.
            Type '{ type: string; stiffness: number; damping: number; }' is not assignable to type 'Transition<any> | undefined'.
              Type '{ type: string; stiffness: number; damping: number; }' is not assignable to type 'TransitionWithValueOverrides<any>'.
                Type '{ type: string; stiffness: number; damping: number; }' is not assignable to type 'ValueAnimationTransition<any>'.
                  Types of property 'type' are incompatible.
                    Type 'string' is not assignable to type 'AnimationGeneratorType | undefined'.
src/app/(dashboard)/dashboard/results/latest/page.tsx(26,26): error TS2304: Cannot find name 'params'.
src/app/(dashboard)/dashboard/results/latest/page.tsx(37,9): error TS2304: Cannot find name 'setError'.
src/app/(dashboard)/dashboard/results/latest/page.tsx(40,9): error TS2304: Cannot find name 'setLoading'.
src/app/(dashboard)/dashboard/results/latest/page.tsx(44,9): error TS2304: Cannot find name 'params'.
src/app/(dashboard)/dashboard/results/latest/page.tsx(47,7): error TS2304: Cannot find name 'params'.
src/app/(dashboard)/dashboard/voice-assessment/page.tsx(324,66): error TS2322: Type '{ value: number; className: string; indicatorClassName: string; }' is not assignable to type 'IntrinsicAttributes & ProgressProps & RefAttributes<HTMLDivElement>'.
  Property 'indicatorClassName' does not exist on type 'IntrinsicAttributes & ProgressProps & RefAttributes<HTMLDivElement>'.
src/app/(dashboard)/layout.tsx(26,18): error TS2741: Property 'mobileOpen' is missing in type '{ setMobileOpen: Dispatch<SetStateAction<boolean>>; collapsed: boolean; setCollapsed: Dispatch<SetStateAction<boolean>>; role: Role | undefined; }' but required in type 'SidebarProps'.
src/app/(tcs)/layout.tsx(17,38): error TS2339: Property 'candidateId' does not exist on type '{ id: string; company: string; createdAt: Date; updatedAt: Date; userId: string; status: string; }'.
src/app/actions/placement.ts(24,17): error TS2353: Object literal may only specify known properties, and 'eligibilityCheck' does not exist in type 'PlacementApplicationInclude<DefaultArgs>'.
src/app/actions/placement.ts(40,21): error TS2353: Object literal may only specify known properties, and 'candidateId' does not exist in type 'Without<PlacementApplicationCreateInput, PlacementApplicationUncheckedCreateInput> & PlacementApplicationUncheckedCreateInput'.
src/app/actions/placement.ts(44,21): error TS2353: Object literal may only specify known properties, and 'eligibilityCheck' does not exist in type 'PlacementApplicationInclude<DefaultArgs>'.
src/app/actions/placement.ts(51,26): error TS2339: Property 'candidateId' does not exist on type '{ id: string; company: string; createdAt: Date; updatedAt: Date; userId: string; status: string; }'.
src/app/actions/placement.ts(58,25): error TS2353: Object literal may only specify known properties, and 'candidateId' does not exist in type '(Without<PlacementApplicationUpdateInput, PlacementApplicationUncheckedUpdateInput> & PlacementApplicationUncheckedUpdateInput) | (Without<...> & PlacementApplicationUpdateInput)'.
src/app/actions/placement.ts(60,21): error TS2353: Object literal may only specify known properties, and 'eligibilityCheck' does not exist in type 'PlacementApplicationInclude<DefaultArgs>'.
src/app/actions/voice-assessment.ts(62,41): error TS2339: Property 'voiceAssessment' does not exist on type 'PrismaClient<PrismaClientOptions, never, DefaultArgs>'.
src/app/api/admin/placements/route.ts(33,26): error TS2339: Property 'finalTrack' does not exist on type 'PlacementApplicationWhereInput'.
src/app/api/admin/placements/route.ts(46,17): error TS2353: Object literal may only specify known properties, and 'eligibilityCheck' does not exist in type 'PlacementApplicationInclude<DefaultArgs>'.
src/app/api/admin/placements/route.ts(68,54): error TS2339: Property 'finalDecision' does not exist on type '{ id: string; company: string; createdAt: Date; updatedAt: Date; userId: string; status: string; }'.
src/app/api/admin/placements/route.ts(71,53): error TS2339: Property 'finalTrack' does not exist on type '{ id: string; company: string; createdAt: Date; updatedAt: Date; userId: string; status: string; }'.
src/app/api/admin/placements/route.ts(72,51): error TS2339: Property 'finalTrack' does not exist on type '{ id: string; company: string; createdAt: Date; updatedAt: Date; userId: string; status: string; }'.
src/app/api/admin/placements/route.ts(73,51): error TS2339: Property 'finalTrack' does not exist on type '{ id: string; company: string; createdAt: Date; updatedAt: Date; userId: string; status: string; }'.
src/app/api/admin/placements/route.ts(74,51): error TS2339: Property 'finalTrack' does not exist on type '{ id: string; company: string; createdAt: Date; updatedAt: Date; userId: string; status: string; }'.
src/app/api/monitoring/route.ts(38,17): error TS2353: Object literal may only specify known properties, and 'eventType' does not exist in type '(Without<MonitoringEventCreateInput, MonitoringEventUncheckedCreateInput> & MonitoringEventUncheckedCreateInput) | (Without<...> & MonitoringEventCreateInput)'.
src/app/api/placements/[id]/eligibility/route.ts(119,22): error TS2339: Property 'eligibilityCheck' does not exist on type 'PrismaClient<PrismaClientOptions, never, DefaultArgs>'.
src/app/api/placements/[id]/eligibility/route.ts(142,17): error TS2353: Object literal may only specify known properties, and 'eligibilityStatus' does not exist in type '(Without<PlacementApplicationUpdateInput, PlacementApplicationUncheckedUpdateInput> & PlacementApplicationUncheckedUpdateInput) | (Without<...> & PlacementApplicationUpdateInput)'.
src/app/api/placements/[id]/route.ts(36,17): error TS2353: Object literal may only specify known properties, and 'eligibilityCheck' does not exist in type 'PlacementApplicationInclude<DefaultArgs>'.
src/app/api/placements/[id]/stage/[stageName]/questions/route.ts(42,17): error TS2353: Object literal may only specify known properties, and 'assessmentStages' does not exist in type 'PlacementApplicationInclude<DefaultArgs>'.
src/app/api/placements/[id]/stage/[stageName]/questions/route.ts(56,25): error TS2339: Property 'user' does not exist on type '{ id: string; company: string; createdAt: Date; updatedAt: Date; userId: string; status: string; }'.
src/app/api/placements/[id]/stage/[stageName]/questions/route.ts(61,43): error TS2339: Property 'assessmentStages' does not exist on type '{ id: string; company: string; createdAt: Date; updatedAt: Date; userId: string; status: string; }'.
src/app/api/placements/[id]/stage/[stageName]/questions/route.ts(62,14): error TS7006: Parameter 'stage' implicitly has an 'any' type.
src/app/api/placements/[id]/stage/[stageName]/route.ts(25,17): error TS2353: Object literal may only specify known properties, and 'assessmentStages' does not exist in type 'PlacementApplicationInclude<DefaultArgs>'.
src/app/api/placements/[id]/stage/[stageName]/route.ts(35,25): error TS2339: Property 'user' does not exist on type '{ id: string; company: string; createdAt: Date; updatedAt: Date; userId: string; status: string; }'.
src/app/api/placements/[id]/stage/[stageName]/route.ts(40,43): error TS2339: Property 'assessmentStages' does not exist on type '{ id: string; company: string; createdAt: Date; updatedAt: Date; userId: string; status: string; }'.
src/app/api/placements/[id]/stage/[stageName]/route.ts(41,14): error TS7006: Parameter 'stage' implicitly has an 'any' type.
src/app/api/placements/[id]/stage/[stageName]/route.ts(102,46): error TS2339: Property 'assessmentStage' does not exist on type 'PrismaClient<PrismaClientOptions, never, DefaultArgs>'.
src/app/api/placements/[id]/stage/[stageName]/route.ts(129,26): error TS2339: Property 'assessmentStage' does not exist on type 'PrismaClient<PrismaClientOptions, never, DefaultArgs>'.
src/app/api/placements/[id]/stage/[stageName]/route.ts(146,17): error TS2353: Object literal may only specify known properties, and 'currentStage' does not exist in type '(Without<PlacementApplicationUpdateInput, PlacementApplicationUncheckedUpdateInput> & PlacementApplicationUncheckedUpdateInput) | (Without<...> & PlacementApplicationUpdateInput)'.
src/app/api/placements/[id]/stage/[stageName]/route.ts(153,78): error TS2339: Property 'assessmentStages' does not exist on type '{ id: string; company: string; createdAt: Date; updatedAt: Date; userId: string; status: string; }'.
src/app/api/placements/[id]/stage/[stageName]/route.ts(157,21): error TS2353: Object literal may only specify known properties, and 'finalTrack' does not exist in type '(Without<PlacementApplicationUpdateInput, PlacementApplicationUncheckedUpdateInput> & PlacementApplicationUncheckedUpdateInput) | (Without<...> & PlacementApplicationUpdateInput)'.
src/app/api/placements/[id]/voice/route.ts(46,49): error TS2339: Property 'voiceAssessment' does not exist on type 'PrismaClient<PrismaClientOptions, never, DefaultArgs>'.
src/app/api/placements/[id]/voice/route.ts(58,46): error TS2339: Property 'voiceAssessment' does not exist on type 'PrismaClient<PrismaClientOptions, never, DefaultArgs>'.
src/app/api/placements/[id]/voice/route.ts(91,17): error TS2353: Object literal may only specify known properties, and 'currentStage' does not exist in type '(Without<PlacementApplicationUpdateInput, PlacementApplicationUncheckedUpdateInput> & PlacementApplicationUncheckedUpdateInput) | (Without<...> & PlacementApplicationUpdateInput)'.
src/app/api/placements/apply/route.ts(44,17): error TS2353: Object literal may only specify known properties, and 'currentStage' does not exist in type 'Without<PlacementApplicationCreateInput, PlacementApplicationUncheckedCreateInput> & PlacementApplicationUncheckedCreateInput'.
src/app/api/placements/my-applications/route.ts(23,17): error TS2353: Object literal may only specify known properties, and 'eligibilityCheck' does not exist in type 'PlacementApplicationInclude<DefaultArgs>'.
