src/app/actions/interview.ts(8,49): error TS2304: Cannot find name 'InterviewContext'.
src/app/actions/interview.ts(10,32): error TS2304: Cannot find name 'getAIInterviewResponse'.
src/app/api/mock-drives/route.ts(35,49): error TS2345: Argument of type '{ by: "companyName"[]; }' is not assignable to parameter of type '{ where?: MockCompanyDriveWhereInput | undefined; orderBy?: MockCompanyDriveOrderByWithAggregationInput | MockCompanyDriveOrderByWithAggregationInput[] | undefined; ... 6 more ...; _max?: MockCompanyDriveMaxAggregateInputType | undefined; } & { ...; }'.
  Property 'orderBy' is missing in type '{ by: "companyName"[]; }' but required in type '{ orderBy: MockCompanyDriveOrderByWithAggregationInput | MockCompanyDriveOrderByWithAggregationInput[] | undefined; }'.
src/app/api/mock-drives/session/coding/submit/route.ts(128,17): error TS2304: Cannot find name 'isPassed'.
src/app/api/mock-drives/session/coding/submit/route.ts(168,13): error TS18004: No value exists in scope for the shorthand property 'isPassed'. Either declare one or provide an initializer.
src/app/api/mock-drives/session/mcq/submit/route.ts(69,13): error TS2304: Cannot find name 'categoryResults'.
src/app/api/mock-drives/session/proctoring/violation/route.ts(37,21): error TS2353: Object literal may only specify known properties, and 'proctoringLogs' does not exist in type '(Without<MockRoundProgressUpdateInput, MockRoundProgressUncheckedUpdateInput> & MockRoundProgressUncheckedUpdateInput) | (Without<...> & MockRoundProgressUpdateInput)'.
src/app/api/mock-drives/session/proctoring/violation/route.ts(37,47): error TS2339: Property 'proctoringLogs' does not exist on type '{ id: string; startedAt: Date | null; status: MockRoundStatus; score: number; aiFeedback: string | null; totalQuestions: number; roundId: string; enrollmentId: string; answeredQuestions: number; completedAt: Date | null; }'.
src/app/api/mock-drives/session/proctoring/violation/route.ts(37,73): error TS2339: Property 'proctoringLogs' does not exist on type '{ id: string; startedAt: Date | null; status: MockRoundStatus; score: number; aiFeedback: string | null; totalQuestions: number; roundId: string; enrollmentId: string; answeredQuestions: number; completedAt: Date | null; }'.
src/app/api/tests/[id]/subtopics/[subtopicId]/questions/bulk/route.ts(27,26): error TS2769: No overload matches this call.
  Overload 1 of 2, '(arg: Prisma__QuestionClient<{ text: string; id: string; type: string; testId: string; subtopicId: string | null; difficulty: string | null; category: string | null; metadata: string | null; order: number | null; marks: number; }, never, DefaultArgs, PrismaClientOptions>[], options?: { ...; } | undefined): Promise<...>', gave the following error.
    Object literal may only specify known properties, and 'timeout' does not exist in type '{ isolationLevel?: TransactionIsolationLevel | undefined; }'.
  Overload 2 of 2, '(fn: (prisma: Omit<PrismaClient<PrismaClientOptions, never, DefaultArgs>, "$connect" | "$disconnect" | "$on" | "$transaction" | "$extends">) => Promise<...>, options?: { ...; } | undefined): Promise<...>', gave the following error.
    Argument of type 'Prisma__QuestionClient<{ text: string; id: string; type: string; testId: string; subtopicId: string | null; difficulty: string | null; category: string | null; metadata: string | null; order: number | null; marks: number; }, never, DefaultArgs, PrismaClientOptions>[]' is not assignable to parameter of type '(prisma: Omit<PrismaClient<PrismaClientOptions, never, DefaultArgs>, "$connect" | "$disconnect" | "$on" | "$transaction" | "$extends">) => Promise<...>'.
      Type 'Prisma__QuestionClient<{ text: string; id: string; type: string; testId: string; subtopicId: string | null; difficulty: string | null; category: string | null; metadata: string | null; order: number | null; marks: number; }, never, DefaultArgs, PrismaClientOptions>[]' provides no match for the signature '(prisma: Omit<PrismaClient<PrismaClientOptions, never, DefaultArgs>, "$connect" | "$disconnect" | "$on" | "$transaction" | "$extends">): Promise<...>'.
src/components/interview/ai-interview-runner.tsx(1123,50): error TS2304: Cannot find name 'router'.
src/components/interview/ai-interview-runner.tsx(1123,88): error TS2304: Cannot find name 'params'.
src/components/mock-drive/CodingInterface.tsx(525,53): error TS2345: Argument of type 'string' is not assignable to parameter of type 'SetStateAction<"c" | "python" | "cpp" | "java">'.
